node.exe : 
[31mfailed to load 
config from C:\Users
\sanka\Downloads\pay
ment gateway 
simulation system\fr
ontend\vite.config.j
s[39m
At C:\Program Files\
nodejs\npx.ps1:29 
char:3
+   & $NODE_EXE 
$NPX_CLI_JS $args
+   ~~~~~~~~~~~~~~~~
~~~~~~~~~~~~~
    + CategoryInfo  
            : NotS  
  pecified: ([31   
 mfailed to ....    
config.js[39m:    
String) [], Rem    
oteException
    + FullyQualifie 
   dErrorId : Nati  
  veCommandError
 
[31merror during 
build:
Error [ERR_MODULE_NO
T_FOUND]: Cannot 
find package 
'@tailwindcss/vite' 
imported from C:\Use
rs\sanka\Downloads\p
ayment gateway 
simulation system\fr
ontend\node_modules\
.vite-temp\vite.conf
ig.js.timestamp-1774
549215050-bf4b515afd
8ca.mjs
    at Object.getPac
kageJSONURL (node:in
ternal/modules/packa
ge_json_reader:256:9
)
    at 
packageResolve (node
:internal/modules/es
m/resolve:768:81)
    at 
moduleResolve (node:
internal/modules/esm
/resolve:854:18)
    at 
defaultResolve (node
:internal/modules/es
m/resolve:984:11)
    at ModuleLoader.
defaultResolve (node
:internal/modules/es
m/loader:780:12)
    at #cachedDefaul
tResolve (node:inter
nal/modules/esm/load
er:704:25)
    at ModuleLoader.
resolve (node:intern
al/modules/esm/loade
r:687:38)
    at ModuleLoader.
getModuleJobForImpor
t (node:internal/mod
ules/esm/loader:305:
38)
    at 
ModuleJob._link (nod
e:internal/modules/e
sm/module_job:137:49
)[39m
